Microchip MPLAB XC8 Compiler V3.10

Linker command line:

-W-3 \
  --edf=C:\Program Files\Microchip\xc8\v3.10\pic\dat\20250813170317_en.msgs \
  -cn -h+dist/default/production\ECU_2.X.production.sym \
  --cmf=dist/default/production\ECU_2.X.production.cmf -z -Q18F4580 \
  -oC:\Users\Gopi Chand\AppData\Local\Temp\xcAshuc.0\driver_tmp_3.o \
  --defsym=__MPLAB_BUILD=1 --fixupoverflow=error \
  -Mdist/default/production/ECU_2.X.production.map \
  --md=C:\Users\Gopi Chand\AppData\Local\Temp\xcAshuc.0\driver_tmp_0.dat \
  -E1 -ver=XC8 Compiler -ACODE=00h-03000h -ACONST=00h-03000h \
  -ASMALLCONST=0600h-06FFhx42,03000h-03000h -AMEDIUMCONST=0600h-03000h \
  -ACOMRAM=01h-05Fh -AABS1=00h-05FFh -ABIGRAM=01h-05FFh \
  -ARAM=060h-0FFh,0100h-01FFhx5 -ABANK0=060h-0FFh -ABANK1=0100h-01FFh \
  -ABANK2=0200h-02FFh -ABANK3=0300h-03FFh -ABANK4=0400h-04FFh \
  -ABANK5=0500h-05FFh -ASFR=0D00h-0DFFhx2,0F00h-0F5Fh,0F60h-0FFFh \
  -ABIGSFR=0D00h-0FFFh -ACONFIG=0300000h-030000Dh -AIDLOC=0200000h-0200007h \
  -AEEDATA=0F00000h-0F000FFh -peeprom_data=EEDATA \
  -preset_vec=00h,intcode=8h,intcodelo=18h,sivt_lo,sivt_hi=CODE \
  -ppowerup=CODE,init -pramtop=0600h -psmallconst=SMALLCONST \
  -pmediumconst=MEDIUMCONST -pconst=CONST -AFARRAM=00h-00h \
  -prdata=COMRAM,nvrram=COMRAM,nvbit=COMRAM,rbss=COMRAM,rbit=COMRAM \
  -pfarbss=FARRAM,fardata=FARRAM,nvFARRAM=FARRAM \
  -pintsave_regs=BIGRAM,bigbss=BIGRAM,bigdata=BIGRAM -pbss=RAM \
  -pidata=CODE,irdata=CODE,ibigdata=CODE,ifardata=CODE -prparam=COMRAM \
  C:\Users\Gopi Chand\AppData\Local\Temp\xcAshuc.0\driver_tmp_9.o \
  dist/default/production\ECU_2.X.production.o 

Object code version is 3.11

Machine type is 18F4580



                Name                               Link     Load   Length Selector   Space Scale
C:\Users\Gopi Chand\AppData\Local\Temp\xcAshuc.0\driver_tmp_9.o
                idloc                            200000   200000        8        0       5
                config                           300000   300000        E        0       4
                init                               2FFC     2FFC        4     17FE       0
                reset_vec                             0        0        4        0       0
dist/default/production\ECU_2.X.production.o
                idloc                            200000   200000        8        0       5
                config                           300000   300000        E        0       4
                mediumconst                        2FE2     2FE2       1A     17F1       0
                text13                             26AA     26AA       3C     1355       0
                text12                             27D8     27D8       6E     13EC       0
                text11                             2C54     2C54      38E     162A       0
                text10                             299A     299A      106     14CD       0
                text9                              2AA0     2AA0      1B4     1550       0
                text8                              26E6     26E6       46     1373       0
                text7                              277E     277E       5A     13BF       0
                text6                              2620     2620       1C     1310       0
                text5                              2672     2672       38     1339       0
                text4                              25FA     25FA        8     12FD       0
                text3                              2602     2602        E     1301       0
                text2                              272C     272C       52     1396       0
                text1                              28C8     28C8       D2     1464       0
                text0                              2846     2846       82     1423       0
                cstackCOMRAM                          1        1       41        1       1
                dataCOMRAM                           42       42       10        1       1
                bssCOMRAM                            52       52        6        1       1
                cinit                              263C     263C       36     131E       0
                idataCOMRAM                        2610     2610       10     2610       0

TOTAL           Name                               Link     Load   Length     Space
        CLASS   CODE           
                init                               2FFC     2FFC        4         0
                reset_vec                             0        0        4         0
                text13                             26AA     26AA       3C         0
                text12                             27D8     27D8       6E         0
                text11                             2C54     2C54      38E         0
                text10                             299A     299A      106         0
                text9                              2AA0     2AA0      1B4         0
                text8                              26E6     26E6       46         0
                text7                              277E     277E       5A         0
                text6                              2620     2620       1C         0
                text5                              2672     2672       38         0
                text4                              25FA     25FA        8         0
                text3                              2602     2602        E         0
                text2                              272C     272C       52         0
                text1                              28C8     28C8       D2         0
                text0                              2846     2846       82         0
                cinit                              263C     263C       36         0
                idataCOMRAM                        2610     2610       10         0

        CLASS   CONST          

        CLASS   SMALLCONST     

        CLASS   MEDIUMCONST    
                mediumconst                        2FE2     2FE2       1A         0

        CLASS   COMRAM         
                cstackCOMRAM                          1        1       41         1
                dataCOMRAM                           42       42       10         1
                bssCOMRAM                            52       52        6         1

        CLASS   ABS1           

        CLASS   BIGRAM         

        CLASS   RAM            

        CLASS   BANK0          

        CLASS   BANK1          

        CLASS   BANK2          

        CLASS   BANK3          

        CLASS   BANK4          

        CLASS   BANK5          

        CLASS   SFR            

        CLASS   BIGSFR         

        CLASS   CONFIG         
                config                           300000   300000        E         4

        CLASS   IDLOC          
                idloc                            200000   200000        8         5

        CLASS   EEDATA         

        CLASS   FARRAM         

        CLASS   HEAP           

        CLASS   STACK          



SEGMENTS        Name                           Load    Length   Top    Selector   Space  Class

                reset_vec                      000000  000004  000004         0       0  CODE    
                cstackCOMRAM                   000001  000057  000058         1       1  COMRAM  
                text4                          0025FA  000008  002602      12FD       0  CODE    
                text3                          002602  00000E  002610      1301       0  CODE    
                idataCOMRAM                    002610  000010  002620      2610       0  CODE    
                text6                          002620  00001C  00263C      1310       0  CODE    
                cinit                          00263C  000036  002672      131E       0  CODE    
                text5                          002672  000038  0026AA      1339       0  CODE    
                text13                         0026AA  00003C  0026E6      1355       0  CODE    
                text8                          0026E6  000046  00272C      1373       0  CODE    
                text2                          00272C  000052  00277E      1396       0  CODE    
                text7                          00277E  00005A  0027D8      13BF       0  CODE    
                text12                         0027D8  00006E  002846      13EC       0  CODE    
                text0                          002846  000082  0028C8      1423       0  CODE    
                text1                          0028C8  0000D2  00299A      1464       0  CODE    
                text10                         00299A  000106  002AA0      14CD       0  CODE    
                text9                          002AA0  0001B4  002C54      1550       0  CODE    
                text11                         002C54  00038E  002FE2      162A       0  CODE    
                mediumconst                    002FE2  00001A  002FFC      17F1       0  MEDIUMCO
                init                           002FFC  000004  003000      17FE       0  CODE    


UNUSED ADDRESS RANGES

        Name                Unused          Largest block    Delta
        BANK0            000060-0000FF               A0
        BANK1            000100-0001FF              100
        BANK2            000200-0002FF              100
        BANK3            000300-0003FF              100
        BANK4            000400-0004FF              100
        BANK5            000500-0005FF              100
        BIGRAM           000058-0005FF              5A8
        BIGSFR           000D00-000FFF              300
        CODE             000004-0025F9             25F6
                         003000-003000                1
        COMRAM           000058-00005F                8
        CONST            000004-0025F9             25F6
                         003000-003000                1
        EEDATA           F00000-F000FF              100
        MEDIUMCONST      000600-0025F9             1FFA
                         003000-003000                1
        RAM              000060-0005FF              100
        SFR              000D00-000FFF              100
        SMALLCONST       000600-0025F9              100
                         003000-003000                1

                                  Symbol Table

?___fldiv                cstackCOMRAM 000016
?___fltol                cstackCOMRAM 00002F
?___xxtofl               cstackCOMRAM 000008
?_get_speed              cstackCOMRAM 000039
?_read_adc               cstackCOMRAM 000001
_ACQT0                   (abs)        007E03
_ACQT1                   (abs)        007E04
_ACQT2                   (abs)        007E05
_ADCON0                  (abs)        000FC2
_ADCS0                   (abs)        007E00
_ADCS1                   (abs)        007E01
_ADCS2                   (abs)        007E02
_ADFM                    (abs)        007E07
_ADON                    (abs)        007E10
_ADRESH                  (abs)        000FC4
_ADRESL                  (abs)        000FC3
_BRGCON1                 (abs)        000F70
_BRGCON2                 (abs)        000F71
_BRGCON3                 (abs)        000F72
_CANCON                  (abs)        000F6F
_CANSTAT                 (abs)        000F6E
_ECANCON                 (abs)        000F77
_GO                      (abs)        007E11
_GODONE                  (abs)        007E11
_PORTC                   (abs)        000F82
_RXB0CON                 (abs)        000F60
_RXB0D0                  (abs)        000F66
_RXB0DLC                 (abs)        000F65
_RXB0FUL                 (abs)        007B07
_RXB0IF                  (abs)        007D20
_RXB0SIDH                (abs)        000F61
_RXB0SIDL                (abs)        000F62
_RXFCON0                 (abs)        000DD4
_TRISB2                  (abs)        007C9A
_TRISB3                  (abs)        007C9B
_TRISC                   (abs)        000F94
_TXB0D0                  (abs)        000F46
_TXB0DLC                 (abs)        000F45
_TXB0EIDH                (abs)        000F43
_TXB0EIDL                (abs)        000F44
_TXB0REQ                 (abs)        007A03
_TXB0SIDH                (abs)        000F41
_TXB0SIDL                (abs)        000F42
_VCFG0                   (abs)        007E0C
_VCFG1                   (abs)        007E0D
__HRAM                   (abs)        000000
__H__absolute__          __absolute__ 000000
__Habs1                  abs1         000000
__Hbank0                 bank0        000000
__Hbank1                 bank1        000000
__Hbank2                 bank2        000000
__Hbank3                 bank3        000000
__Hbank4                 bank4        000000
__Hbank5                 bank5        000000
__Hbigbss                bigbss       000000
__Hbigdata               bigdata      000000
__Hbigram                bigram       000000
__Hbigsfr                bigsfr       000000
__Hbss                   bss          000000
__HbssCOMRAM             bssCOMRAM    000000
__Hcinit                 cinit        000000
__Hclrtext               clrtext      000000
__Hcomram                comram       000000
__Hconfig                config       30000E
__Hconst                 const        000000
__HcstackCOMRAM          cstackCOMRAM 000000
__Hdata                  data         000000
__HdataCOMRAM            dataCOMRAM   000000
__Heeprom_data           eeprom_data  000000
__Hfarbss                farbss       000000
__Hfardata               fardata      000000
__Hheap                  heap         000000
__Hibigdata              ibigdata     000000
__Hidata                 idata        000000
__HidataCOMRAM           idataCOMRAM  000000
__Hidloc                 idloc        200008
__Hifardata              ifardata     000000
__Hinit                  init         003000
__Hintcode               intcode      000008
__Hintcode_body          intcode_body 000000
__Hintcodelo             intcodelo    000018
__Hintentry              intentry     000000
__Hintret                intret       000000
__Hintsave_regs          intsave_regs 000000
__Hirdata                irdata       000000
__Hmediumconst           mediumconst  002FFC
__HnvFARRAM              nvFARRAM     000000
__Hnvbit                 nvbit        000000
__Hnvrram                nvrram       000000
__Hparam                 rparam       000000
__Hpowerup               powerup      000000
__Hram                   ram          000000
__Hramtop                ramtop       000600
__Hrbit                  rbit         000000
__Hrbss                  rbss         000000
__Hrdata                 rdata        000000
__Hreset_vec             reset_vec    000004
__Hrparam                rparam       000000
__Hsfr                   sfr          000000
__Hsivt_hi               sivt_hi      000000
__Hsivt_lo               sivt_lo      000018
__Hsmallconst            smallconst   000000
__Hspace_0               (abs)        003000
__Hspace_1               (abs)        000058
__Hspace_2               (abs)        000000
__Hspace_4               (abs)        60000E
__Hstack                 stack        000000
__Hstruct                struct       000000
__Htemp                  temp         000000
__Htext                  text         000000
__Htext0                 text0        000000
__Htext1                 text1        000000
__Htext10                text10       000000
__Htext11                text11       000000
__Htext12                text12       000000
__Htext13                text13       000000
__Htext2                 text2        000000
__Htext3                 text3        000000
__Htext4                 text4        000000
__Htext5                 text5        000000
__Htext6                 text6        000000
__Htext7                 text7        000000
__Htext8                 text8        000000
__Htext9                 text9        000000
__LRAM                   (abs)        000001
__L__absolute__          __absolute__ 000000
__Labs1                  abs1         000000
__Lbank0                 bank0        000000
__Lbank1                 bank1        000000
__Lbank2                 bank2        000000
__Lbank3                 bank3        000000
__Lbank4                 bank4        000000
__Lbank5                 bank5        000000
__Lbigbss                bigbss       000000
__Lbigdata               bigdata      000000
__Lbigram                bigram       000000
__Lbigsfr                bigsfr       000000
__Lbss                   bss          000000
__LbssCOMRAM             bssCOMRAM    000000
__Lcinit                 cinit        000000
__Lclrtext               clrtext      000000
__Lcomram                comram       000000
__Lconfig                config       000000
__Lconst                 const        000000
__LcstackCOMRAM          cstackCOMRAM 000000
__Ldata                  data         000000
__LdataCOMRAM            dataCOMRAM   000000
__Leeprom_data           eeprom_data  000000
__Lfarbss                farbss       000000
__Lfardata               fardata      000000
__Lheap                  heap         000000
__Libigdata              ibigdata     000000
__Lidata                 idata        000000
__LidataCOMRAM           idataCOMRAM  000000
__Lidloc                 idloc        000000
__Lifardata              ifardata     000000
__Linit                  init         002FFC
__Lintcode               intcode      000008
__Lintcode_body          intcode_body 000000
__Lintcodelo             intcodelo    000018
__Lintentry              intentry     000000
__Lintret                intret       000000
__Lintsave_regs          intsave_regs 000000
__Lirdata                irdata       000000
__Lmediumconst           mediumconst  002FE2
__LnvFARRAM              nvFARRAM     000000
__Lnvbit                 nvbit        000000
__Lnvrram                nvrram       000000
__Lparam                 rparam       000000
__Lpowerup               powerup      000000
__Lram                   ram          000000
__Lramtop                ramtop       000600
__Lrbit                  rbit         000000
__Lrbss                  rbss         000000
__Lrdata                 rdata        000000
__Lreset_vec             reset_vec    000000
__Lrparam                rparam       000000
__Lsfr                   sfr          000000
__Lsivt_hi               sivt_hi      000000
__Lsivt_lo               sivt_lo      000018
__Lsmallconst            smallconst   000000
__Lspace_0               (abs)        000000
__Lspace_1               (abs)        000000
__Lspace_2               (abs)        000000
__Lspace_4               (abs)        000000
__Lstack                 stack        000000
__Lstruct                struct       000000
__Ltemp                  temp         000000
__Ltext                  text         000000
__Ltext0                 text0        000000
__Ltext1                 text1        000000
__Ltext10                text10       000000
__Ltext11                text11       000000
__Ltext12                text12       000000
__Ltext13                text13       000000
__Ltext2                 text2        000000
__Ltext3                 text3        000000
__Ltext4                 text4        000000
__Ltext5                 text5        000000
__Ltext6                 text6        000000
__Ltext7                 text7        000000
__Ltext8                 text8        000000
__Ltext9                 text9        000000
__S0                     (abs)        003000
__S1                     (abs)        000058
__S4                     (abs)        000000
__S5                     (abs)        000000
___fldiv                 text11       002C54
___fldiv@a               cstackCOMRAM 00001A
___fldiv@aexp            cstackCOMRAM 00002E
___fldiv@b               cstackCOMRAM 000016
___fldiv@bexp            cstackCOMRAM 00002D
___fldiv@grs             cstackCOMRAM 000029
___fldiv@new_exp         cstackCOMRAM 000027
___fldiv@rem             cstackCOMRAM 000022
___fldiv@sign            cstackCOMRAM 000026
___fltol                 text10       00299A
___fltol@exp1            cstackCOMRAM 000038
___fltol@f1              cstackCOMRAM 00002F
___fltol@sign1           cstackCOMRAM 000037
___heap_hi               (abs)        000000
___heap_lo               (abs)        000000
___inthi_sp              stack        000000
___inthi_stack_hi        stack        000000
___inthi_stack_lo        stack        000000
___intlo_sp              stack        000000
___intlo_stack_hi        stack        000000
___intlo_stack_lo        stack        000000
___param_bank            (abs)        000000
___rparam_used           (abs)        000001
___sp                    stack        000000
___stack_hi              stack        000000
___stack_lo              stack        000000
___xxtofl                text9        002AA0
___xxtofl@arg            cstackCOMRAM 000012
___xxtofl@exp            cstackCOMRAM 000011
___xxtofl@sign           cstackCOMRAM 000010
___xxtofl@val            cstackCOMRAM 000008
__accesstop              (abs)        000060
__activetblptr           (abs)        000002
__end_of___fldiv         text11       002FE2
__end_of___fltol         text10       002AA0
__end_of___xxtofl        text9        002C54
__end_of__initialization cinit        002668
__end_of_can_transmit    text12       002846
__end_of_get_speed       text7        0027D8
__end_of_init_adc        text6        00263C
__end_of_init_can        text5        0026AA
__end_of_init_config     text3        002610
__end_of_init_dkp        text4        002602
__end_of_main            text0        0028C8
__end_of_process_gear    text1        00299A
__end_of_read_adc        text8        00272C
__end_of_read_dkp        text2        00277E
__end_of_set_msg_id_std  text13       0026E6
__initialization         cinit        00263C
__mediumconst            mediumconst  002FE2
__pbssCOMRAM             bssCOMRAM    000052
__pcinit                 cinit        00263C
__pcstackCOMRAM          cstackCOMRAM 000001
__pdataCOMRAM            dataCOMRAM   000042
__pidataCOMRAM           idataCOMRAM  002610
__pmediumconst           mediumconst  002FE2
__ptext0                 text0        002846
__ptext1                 text1        0028C8
__ptext10                text10       00299A
__ptext11                text11       002C54
__ptext12                text12       0027D8
__ptext13                text13       0026AA
__ptext2                 text2        00272C
__ptext3                 text3        002602
__ptext4                 text4        0025FA
__ptext5                 text5        002672
__ptext6                 text6        002620
__ptext7                 text7        00277E
__ptext8                 text8        0026E6
__ptext9                 text9        002AA0
__ramtop                 ramtop       000600
__smallconst             mediumconst  002FE2
_can_transmit            text12       0027D8
_collision_flag          bssCOMRAM    000054
_gear                    dataCOMRAM   000042
_get_speed               text7        00277E
_index                   bssCOMRAM    000052
_init_adc                text6        002620
_init_can                text5        002672
_init_config             text3        002602
_init_dkp                text4        0025FA
_main                    text0        002846
_process_gear            text1        0028C8
_read_adc                text8        0026E6
_read_dkp                text2        00272C
_set_msg_id_std          text13       0026AA
can_transmit@data        cstackCOMRAM 000007
can_transmit@i           cstackCOMRAM 00000E
can_transmit@len         cstackCOMRAM 000008
can_transmit@msg_id      cstackCOMRAM 000005
can_transmit@ptr         cstackCOMRAM 00000C
end_of_initialization    cinit        002668
intlevel0                text         000000
intlevel1                text         000000
intlevel2                text         000000
intlevel3                text         000000
isa$std                  (abs)        000001
isa$xinst                (abs)        000000
main@cur_gear_status     cstackCOMRAM 000041
main@delay               cstackCOMRAM 00003B
main@delay_134           cstackCOMRAM 00003D
main@speed_130           cstackCOMRAM 00003F
process_gear@key         cstackCOMRAM 000001
read_adc@channel         cstackCOMRAM 000007
read_adc@reg_val         cstackCOMRAM 000005
read_dkp@flag            bssCOMRAM    000056
set_msg_id_std@id        cstackCOMRAM 000001
stackhi                  (abs)        000000
stacklo                  (abs)        000000
start                    init         002FFC
start_initialization     cinit        00263C


MODULE INFORMATION

Module		Function		Class		Link	Load	Size
adc.c
		_init_adc      		CODE           	2620	0000	28
		_read_adc      		CODE           	26E6	0000	70

adc.c estimated size: 98

C:\Program Files\Microchip\xc8\v3.10\pic\sources\c99\common\fltol.c
		___fltol       		CODE           	299A	0000	262

C:\Program Files\Microchip\xc8\v3.10\pic\sources\c99\common\fltol.c estimated size: 262

C:\Program Files\Microchip\xc8\v3.10\pic\sources\c99\common\xxtofl.c
		___xxtofl      		CODE           	2AA0	0000	436

C:\Program Files\Microchip\xc8\v3.10\pic\sources\c99\common\xxtofl.c estimated size: 436

C:\Program Files\Microchip\xc8\v3.10\pic\sources\c99\common\sprcdiv.c
		___fldiv       		CODE           	2C54	0000	910

C:\Program Files\Microchip\xc8\v3.10\pic\sources\c99\common\sprcdiv.c estimated size: 910

shared
		__initialization		CODE           	263C	0000	44

shared estimated size: 44

can.c
		_set_msg_id_std		CODE           	26AA	0000	60
		_can_transmit  		CODE           	27D8	0000	110
		_init_can      		CODE           	2672	0000	56

can.c estimated size: 226

main.c
		_process_gear  		CODE           	28C8	0000	210
		_main          		CODE           	2846	0000	130
		_get_speed     		CODE           	277E	0000	90
		_init_config   		CODE           	2602	0000	14

main.c estimated size: 444

dkp.c
		_init_dkp      		CODE           	25FA	0000	8
		_read_dkp      		CODE           	272C	0000	82

dkp.c estimated size: 90

