Microchip MPLAB XC8 Compiler V3.10

Linker command line:

-W-3 \
  --edf=C:\Program Files\Microchip\xc8\v3.10\pic\dat\20250813170317_en.msgs \
  -cn -h+dist/default/production\ECU_1.X.production.sym \
  --cmf=dist/default/production\ECU_1.X.production.cmf -z -Q18F4580 \
  -oC:\Users\Gopi Chand\AppData\Local\Temp\xcAskl0.0\driver_tmp_3.o \
  --defsym=__MPLAB_BUILD=1 --fixupoverflow=error \
  -Mdist/default/production/ECU_1.X.production.map \
  --md=C:\Users\Gopi Chand\AppData\Local\Temp\xcAskl0.0\driver_tmp_0.dat \
  -E1 -ver=XC8 Compiler -ACODE=00h-03000h -ACONST=00h-03000h \
  -ASMALLCONST=0600h-06FFhx42,03000h-03000h -AMEDIUMCONST=0600h-03000h \
  -ACOMRAM=01h-05Fh -AABS1=00h-05FFh -ABIGRAM=01h-05FFh \
  -ARAM=060h-0FFh,0100h-01FFhx5 -ABANK0=060h-0FFh -ABANK1=0100h-01FFh \
  -ABANK2=0200h-02FFh -ABANK3=0300h-03FFh -ABANK4=0400h-04FFh \
  -ABANK5=0500h-05FFh -ASFR=0D00h-0DFFhx2,0F00h-0F5Fh,0F60h-0FFFh \
  -ABIGSFR=0D00h-0FFFh -ACONFIG=0300000h-030000Dh -AIDLOC=0200000h-0200007h \
  -AEEDATA=0F00000h-0F000FFh -peeprom_data=EEDATA \
  -preset_vec=00h,intcode=8h,intcodelo=18h,sivt_lo,sivt_hi=CODE \
  -ppowerup=CODE,init -pramtop=0600h -psmallconst=SMALLCONST \
  -pmediumconst=MEDIUMCONST -pconst=CONST -AFARRAM=00h-00h \
  -prdata=COMRAM,nvrram=COMRAM,nvbit=COMRAM,rbss=COMRAM,rbit=COMRAM \
  -pfarbss=FARRAM,fardata=FARRAM,nvFARRAM=FARRAM \
  -pintsave_regs=BIGRAM,bigbss=BIGRAM,bigdata=BIGRAM -pbss=RAM \
  -pidata=CODE,irdata=CODE,ibigdata=CODE,ifardata=CODE -prparam=COMRAM \
  C:\Users\Gopi Chand\AppData\Local\Temp\xcAskl0.0\driver_tmp_9.o \
  dist/default/production\ECU_1.X.production.o 

Object code version is 3.11

Machine type is 18F4580



                Name                               Link     Load   Length Selector   Space Scale
C:\Users\Gopi Chand\AppData\Local\Temp\xcAskl0.0\driver_tmp_9.o
                idloc                            200000   200000        8        0       5
                config                           300000   300000        E        0       4
                init                               2FFC     2FFC        4     17FE       0
                reset_vec                             0        0        4        0       0
dist/default/production\ECU_1.X.production.o
                idloc                            200000   200000        8        0       5
                config                           300000   300000        E        0       4
                smallconst                          600      600        2      300       0
                text14                             132A     132A       3C      301       0
                text13                             1224     1224       6E      301       0
                text12                              A28      A28      38E      301       0
                text11                              602      602      426      301       0
                text10                              F6A      F6A      106      301       0
                text9                               DB6      DB6      1B4      301       0
                text8                              12E4     12E4       46      301       0
                text7                              11A6     11A6       7E      301       0
                text6                              139E     139E       1C      301       0
                text5                              1366     1366       38      301       0
                text4                              13D4     13D4        8      301       0
                text3                              13BA     13BA        E      301       0
                text2                              1292     1292       52      301       0
                text1                              1070     1070       B4      301       0
                text0                              1124     1124       82      301       0
                cstackCOMRAM                          1        1       5A        1       1
                bssCOMRAM                            5B       5B        3        1       1
                cinit                              13C8     13C8        C      301       0

TOTAL           Name                               Link     Load   Length     Space
        CLASS   CODE           
                init                               2FFC     2FFC        4         0
                reset_vec                             0        0        4         0
                text14                             132A     132A       3C         0
                text13                             1224     1224       6E         0
                text12                              A28      A28      38E         0
                text11                              602      602      426         0
                text10                              F6A      F6A      106         0
                text9                               DB6      DB6      1B4         0
                text8                              12E4     12E4       46         0
                text7                              11A6     11A6       7E         0
                text6                              139E     139E       1C         0
                text5                              1366     1366       38         0
                text4                              13D4     13D4        8         0
                text3                              13BA     13BA        E         0
                text2                              1292     1292       52         0
                text1                              1070     1070       B4         0
                text0                              1124     1124       82         0
                cinit                              13C8     13C8        C         0

        CLASS   CONST          

        CLASS   SMALLCONST     
                smallconst                          600      600        2         0

        CLASS   MEDIUMCONST    

        CLASS   COMRAM         
                cstackCOMRAM                          1        1       5A         1
                bssCOMRAM                            5B       5B        3         1

        CLASS   ABS1           

        CLASS   BIGRAM         

        CLASS   RAM            

        CLASS   BANK0          

        CLASS   BANK1          

        CLASS   BANK2          

        CLASS   BANK3          

        CLASS   BANK4          

        CLASS   BANK5          

        CLASS   SFR            

        CLASS   BIGSFR         

        CLASS   CONFIG         
                config                           300000   300000        E         4

        CLASS   IDLOC          
                idloc                            200000   200000        8         5

        CLASS   EEDATA         

        CLASS   FARRAM         

        CLASS   HEAP           

        CLASS   STACK          



SEGMENTS        Name                           Load    Length   Top    Selector   Space  Class

                reset_vec                      000000  000004  000004         0       0  CODE    
                cstackCOMRAM                   000001  00005D  00005E         1       1  COMRAM  
                smallconst                     000600  000002  000602       300       0  SMALLCON
                text11                         000602  000DDA  0013DC       301       0  CODE    
                init                           002FFC  000004  003000      17FE       0  CODE    


UNUSED ADDRESS RANGES

        Name                Unused          Largest block    Delta
        BANK0            000060-0000FF               A0
        BANK1            000100-0001FF              100
        BANK2            000200-0002FF              100
        BANK3            000300-0003FF              100
        BANK4            000400-0004FF              100
        BANK5            000500-0005FF              100
        BIGRAM           00005E-0005FF              5A2
        BIGSFR           000D00-000FFF              300
        CODE             000004-0005FF              5FC
                         0013DC-002FFB             1C20
                         003000-003000                1
        COMRAM           00005E-00005F                2
        CONST            000004-0005FF              5FC
                         0013DC-002FFB             1C20
                         003000-003000                1
        EEDATA           F00000-F000FF              100
        MEDIUMCONST      0013DC-002FFB             1C20
                         003000-003000                1
        RAM              000060-0005FF              100
        SFR              000D00-000FFF              100
        SMALLCONST       0013DC-002FFB              100
                         003000-003000                1

                                  Symbol Table

?___fldiv                  cstackCOMRAM 000016
?___flmul                  cstackCOMRAM 00002F
?___fltol                  cstackCOMRAM 000048
?___xxtofl                 cstackCOMRAM 000008
?_get_rpm                  cstackCOMRAM 000052
?_read_adc                 cstackCOMRAM 000001
_ACQT0                     (abs)        007E03
_ACQT1                     (abs)        007E04
_ACQT2                     (abs)        007E05
_ADCON0                    (abs)        000FC2
_ADCS0                     (abs)        007E00
_ADCS1                     (abs)        007E01
_ADCS2                     (abs)        007E02
_ADFM                      (abs)        007E07
_ADON                      (abs)        007E10
_ADRESH                    (abs)        000FC4
_ADRESL                    (abs)        000FC3
_BRGCON1                   (abs)        000F70
_BRGCON2                   (abs)        000F71
_BRGCON3                   (abs)        000F72
_CANCON                    (abs)        000F6F
_CANSTAT                   (abs)        000F6E
_ECANCON                   (abs)        000F77
_GO                        (abs)        007E11
_GODONE                    (abs)        007E11
_PORTC                     (abs)        000F82
_RXB0CON                   (abs)        000F60
_RXB0D0                    (abs)        000F66
_RXB0DLC                   (abs)        000F65
_RXB0FUL                   (abs)        007B07
_RXB0IF                    (abs)        007D20
_RXB0SIDH                  (abs)        000F61
_RXB0SIDL                  (abs)        000F62
_RXFCON0                   (abs)        000DD4
_TRISB2                    (abs)        007C9A
_TRISB3                    (abs)        007C9B
_TRISC                     (abs)        000F94
_TXB0D0                    (abs)        000F46
_TXB0DLC                   (abs)        000F45
_TXB0EIDH                  (abs)        000F43
_TXB0EIDL                  (abs)        000F44
_TXB0REQ                   (abs)        007A03
_TXB0SIDH                  (abs)        000F41
_TXB0SIDL                  (abs)        000F42
_VCFG0                     (abs)        007E0C
_VCFG1                     (abs)        007E0D
__HRAM                     (abs)        000000
__H__absolute__            __absolute__ 000000
__Habs1                    abs1         000000
__Hbank0                   bank0        000000
__Hbank1                   bank1        000000
__Hbank2                   bank2        000000
__Hbank3                   bank3        000000
__Hbank4                   bank4        000000
__Hbank5                   bank5        000000
__Hbigbss                  bigbss       000000
__Hbigdata                 bigdata      000000
__Hbigram                  bigram       000000
__Hbigsfr                  bigsfr       000000
__Hbss                     bss          000000
__HbssCOMRAM               bssCOMRAM    000000
__Hcinit                   cinit        000000
__Hclrtext                 clrtext      000000
__Hcomram                  comram       000000
__Hconfig                  config       30000E
__Hconst                   const        000000
__HcstackCOMRAM            cstackCOMRAM 000000
__Hdata                    data         000000
__Heeprom_data             eeprom_data  000000
__Hfarbss                  farbss       000000
__Hfardata                 fardata      000000
__Hheap                    heap         000000
__Hibigdata                ibigdata     000000
__Hidata                   idata        000000
__Hidloc                   idloc        200008
__Hifardata                ifardata     000000
__Hinit                    init         003000
__Hintcode                 intcode      000008
__Hintcode_body            intcode_body 000000
__Hintcodelo               intcodelo    000018
__Hintentry                intentry     000000
__Hintret                  intret       000000
__Hintsave_regs            intsave_regs 000000
__Hirdata                  irdata       000000
__Hmediumconst             mediumconst  000000
__HnvFARRAM                nvFARRAM     000000
__Hnvbit                   nvbit        000000
__Hnvrram                  nvrram       000000
__Hparam                   rparam       000000
__Hpowerup                 powerup      000000
__Hram                     ram          000000
__Hramtop                  ramtop       000600
__Hrbit                    rbit         000000
__Hrbss                    rbss         000000
__Hrdata                   rdata        000000
__Hreset_vec               reset_vec    000004
__Hrparam                  rparam       000000
__Hsfr                     sfr          000000
__Hsivt_hi                 sivt_hi      000000
__Hsivt_lo                 sivt_lo      000018
__Hsmallconst              smallconst   000602
__Hspace_0                 (abs)        003000
__Hspace_1                 (abs)        00005E
__Hspace_2                 (abs)        000000
__Hspace_4                 (abs)        60000E
__Hstack                   stack        000000
__Hstruct                  struct       000000
__Htemp                    temp         000000
__Htext                    text         000000
__Htext0                   text0        000000
__Htext1                   text1        000000
__Htext10                  text10       000000
__Htext11                  text11       000000
__Htext12                  text12       000000
__Htext13                  text13       000000
__Htext14                  text14       000000
__Htext2                   text2        000000
__Htext3                   text3        000000
__Htext4                   text4        000000
__Htext5                   text5        000000
__Htext6                   text6        000000
__Htext7                   text7        000000
__Htext8                   text8        000000
__Htext9                   text9        000000
__LRAM                     (abs)        000001
__L__absolute__            __absolute__ 000000
__Labs1                    abs1         000000
__Lbank0                   bank0        000000
__Lbank1                   bank1        000000
__Lbank2                   bank2        000000
__Lbank3                   bank3        000000
__Lbank4                   bank4        000000
__Lbank5                   bank5        000000
__Lbigbss                  bigbss       000000
__Lbigdata                 bigdata      000000
__Lbigram                  bigram       000000
__Lbigsfr                  bigsfr       000000
__Lbss                     bss          000000
__LbssCOMRAM               bssCOMRAM    000000
__Lcinit                   cinit        000000
__Lclrtext                 clrtext      000000
__Lcomram                  comram       000000
__Lconfig                  config       000000
__Lconst                   const        000000
__LcstackCOMRAM            cstackCOMRAM 000000
__Ldata                    data         000000
__Leeprom_data             eeprom_data  000000
__Lfarbss                  farbss       000000
__Lfardata                 fardata      000000
__Lheap                    heap         000000
__Libigdata                ibigdata     000000
__Lidata                   idata        000000
__Lidloc                   idloc        000000
__Lifardata                ifardata     000000
__Linit                    init         002FFC
__Lintcode                 intcode      000008
__Lintcode_body            intcode_body 000000
__Lintcodelo               intcodelo    000018
__Lintentry                intentry     000000
__Lintret                  intret       000000
__Lintsave_regs            intsave_regs 000000
__Lirdata                  irdata       000000
__Lmediumconst             mediumconst  000000
__LnvFARRAM                nvFARRAM     000000
__Lnvbit                   nvbit        000000
__Lnvrram                  nvrram       000000
__Lparam                   rparam       000000
__Lpowerup                 powerup      000000
__Lram                     ram          000000
__Lramtop                  ramtop       000600
__Lrbit                    rbit         000000
__Lrbss                    rbss         000000
__Lrdata                   rdata        000000
__Lreset_vec               reset_vec    000000
__Lrparam                  rparam       000000
__Lsfr                     sfr          000000
__Lsivt_hi                 sivt_hi      000000
__Lsivt_lo                 sivt_lo      000018
__Lsmallconst              smallconst   000600
__Lspace_0                 (abs)        000000
__Lspace_1                 (abs)        000000
__Lspace_2                 (abs)        000000
__Lspace_4                 (abs)        000000
__Lstack                   stack        000000
__Lstruct                  struct       000000
__Ltemp                    temp         000000
__Ltext                    text         000000
__Ltext0                   text0        000000
__Ltext1                   text1        000000
__Ltext10                  text10       000000
__Ltext11                  text11       000000
__Ltext12                  text12       000000
__Ltext13                  text13       000000
__Ltext14                  text14       000000
__Ltext2                   text2        000000
__Ltext3                   text3        000000
__Ltext4                   text4        000000
__Ltext5                   text5        000000
__Ltext6                   text6        000000
__Ltext7                   text7        000000
__Ltext8                   text8        000000
__Ltext9                   text9        000000
__S0                       (abs)        003000
__S1                       (abs)        00005E
__S4                       (abs)        000000
__S5                       (abs)        000000
___fldiv                   text12       000A28
___fldiv@a                 cstackCOMRAM 00001A
___fldiv@aexp              cstackCOMRAM 00002E
___fldiv@b                 cstackCOMRAM 000016
___fldiv@bexp              cstackCOMRAM 00002D
___fldiv@grs               cstackCOMRAM 000029
___fldiv@new_exp           cstackCOMRAM 000027
___fldiv@rem               cstackCOMRAM 000022
___fldiv@sign              cstackCOMRAM 000026
___flmul                   text11       000602
___flmul@a                 cstackCOMRAM 000033
___flmul@aexp              cstackCOMRAM 000040
___flmul@b                 cstackCOMRAM 00002F
___flmul@bexp              cstackCOMRAM 000041
___flmul@grs               cstackCOMRAM 00003C
___flmul@prod              cstackCOMRAM 000042
___flmul@sign              cstackCOMRAM 00003B
___flmul@temp              cstackCOMRAM 000046
___fltol                   text10       000F6A
___fltol@exp1              cstackCOMRAM 000051
___fltol@f1                cstackCOMRAM 000048
___fltol@sign1             cstackCOMRAM 000050
___heap_hi                 (abs)        000000
___heap_lo                 (abs)        000000
___inthi_sp                stack        000000
___inthi_stack_hi          stack        000000
___inthi_stack_lo          stack        000000
___intlo_sp                stack        000000
___intlo_stack_hi          stack        000000
___intlo_stack_lo          stack        000000
___param_bank              (abs)        000000
___rparam_used             (abs)        000001
___sp                      stack        000000
___stack_hi                stack        000000
___stack_lo                stack        000000
___xxtofl                  text9        000DB6
___xxtofl@arg              cstackCOMRAM 000012
___xxtofl@exp              cstackCOMRAM 000011
___xxtofl@sign             cstackCOMRAM 000010
___xxtofl@val              cstackCOMRAM 000008
__accesstop                (abs)        000060
__activetblptr             (abs)        000000
__end_of___fldiv           text12       000DB6
__end_of___flmul           text11       000A28
__end_of___fltol           text10       001070
__end_of___xxtofl          text9        000F6A
__end_of__initialization   cinit        0013CE
__end_of_can_transmit      text13       001292
__end_of_get_rpm           text7        001224
__end_of_init_adc          text6        0013BA
__end_of_init_can          text5        00139E
__end_of_init_config       text3        0013C8
__end_of_init_dkp          text4        0013DC
__end_of_main              text0        0011A6
__end_of_process_indicator text1        001124
__end_of_read_adc          text8        00132A
__end_of_read_dkp          text2        0012E4
__end_of_set_msg_id_std    text14       001366
__initialization           cinit        0013C8
__mediumconst              smallconst   000600
__pbssCOMRAM               bssCOMRAM    00005B
__pcinit                   cinit        0013C8
__pcstackCOMRAM            cstackCOMRAM 000001
__psmallconst              smallconst   000600
__ptext0                   text0        001124
__ptext1                   text1        001070
__ptext10                  text10       000F6A
__ptext11                  text11       000602
__ptext12                  text12       000A28
__ptext13                  text13       001224
__ptext14                  text14       00132A
__ptext2                   text2        001292
__ptext3                   text3        0013BA
__ptext4                   text4        0013D4
__ptext5                   text5        001366
__ptext6                   text6        00139E
__ptext7                   text7        0011A6
__ptext8                   text8        0012E4
__ptext9                   text9        000DB6
__ramtop                   ramtop       000600
__smallconst               smallconst   000600
_can_transmit              text13       001224
_flag                      bssCOMRAM    00005D
_get_rpm                   text7        0011A6
_init_adc                  text6        00139E
_init_can                  text5        001366
_init_config               text3        0013BA
_init_dkp                  text4        0013D4
_main                      text0        001124
_process_indicator         text1        001070
_read_adc                  text8        0012E4
_read_dkp                  text2        001292
_set_msg_id_std            text14       00132A
can_transmit@data          cstackCOMRAM 000007
can_transmit@i             cstackCOMRAM 00000E
can_transmit@len           cstackCOMRAM 000008
can_transmit@msg_id        cstackCOMRAM 000005
can_transmit@ptr           cstackCOMRAM 00000C
end_of_initialization      cinit        0013CE
intlevel0                  text         000000
intlevel1                  text         000000
intlevel2                  text         000000
intlevel3                  text         000000
isa$std                    (abs)        000001
isa$xinst                  (abs)        000000
main@cur_ind_status        cstackCOMRAM 00005A
main@delay                 cstackCOMRAM 000054
main@delay_128             cstackCOMRAM 000056
main@rpm                   cstackCOMRAM 000058
process_indicator@key      cstackCOMRAM 000001
read_adc@channel           cstackCOMRAM 000007
read_adc@reg_val           cstackCOMRAM 000005
read_dkp@flag              bssCOMRAM    00005B
set_msg_id_std@id          cstackCOMRAM 000001
stackhi                    (abs)        000000
stacklo                    (abs)        000000
start                      init         002FFC
start_initialization       cinit        0013C8


MODULE INFORMATION

Module		Function		Class		Link	Load	Size
adc.c
		_init_adc      		CODE           	139E	0000	28
		_read_adc      		CODE           	12E4	0000	70

adc.c estimated size: 98

C:\Program Files\Microchip\xc8\v3.10\pic\sources\c99\common\fltol.c
		___fltol       		CODE           	0F6A	0000	262

C:\Program Files\Microchip\xc8\v3.10\pic\sources\c99\common\fltol.c estimated size: 262

C:\Program Files\Microchip\xc8\v3.10\pic\sources\c99\common\sprcmul.c
		___flmul       		CODE           	0602	0000	1062

C:\Program Files\Microchip\xc8\v3.10\pic\sources\c99\common\sprcmul.c estimated size: 1062

C:\Program Files\Microchip\xc8\v3.10\pic\sources\c99\common\xxtofl.c
		___xxtofl      		CODE           	0DB6	0000	436

C:\Program Files\Microchip\xc8\v3.10\pic\sources\c99\common\xxtofl.c estimated size: 436

C:\Program Files\Microchip\xc8\v3.10\pic\sources\c99\common\sprcdiv.c
		___fldiv       		CODE           	0A28	0000	910

C:\Program Files\Microchip\xc8\v3.10\pic\sources\c99\common\sprcdiv.c estimated size: 910

shared
		__initialization		CODE           	13C8	0000	6

shared estimated size: 6

can.c
		_set_msg_id_std		CODE           	132A	0000	60
		_can_transmit  		CODE           	1224	0000	110
		_init_can      		CODE           	1366	0000	56

can.c estimated size: 226

main.c
		_main          		CODE           	1124	0000	130
		_process_indicator		CODE           	1070	0000	180
		_get_rpm       		CODE           	11A6	0000	126
		_init_config   		CODE           	13BA	0000	14

main.c estimated size: 450

dkp.c
		_init_dkp      		CODE           	13D4	0000	8
		_read_dkp      		CODE           	1292	0000	82

dkp.c estimated size: 90

